Java HotSpot(TM) 64-Bit Server VM (25.211-b12) for bsd-amd64 JRE (1.8.0_211-b12), built on Apr  1 2019 20:53:18 by "java_re" with gcc 4.2.1 (Based on Apple Inc. build 5658) (LLVM build 2336.11.00)
Memory: 4k page, physical 16777216k(523308k free)

/proc/meminfo:

CommandLine flags: -XX:+HeapDumpOnOutOfMemoryError -XX:HeapDumpPath=/Users/liuyou/a.dump -XX:InitialHeapSize=1073741824 -XX:MaxHeapSize=1073741824 -XX:+PrintGC -XX:+PrintGCDetails -XX:+PrintGCTimeStamps -XX:+UseCompressedClassPointers -XX:+UseCompressedOops -XX:+UseG1GC 
1.272: [GC pause (G1 Evacuation Pause) (young), 0.0215926 secs]                   系统开启1.272发生了一次新生代gc
   [Parallel Time: 20.6 ms, GC Workers: 8]                                        新生代gc耗时20.6毫秒 GC Workers: 8个gc工作线程
      [GC Worker Start (ms): Min: 1272.1, Avg: 1272.2, Max: 1272.2, Diff: 0.1]    gc工作线程的启动时间信息 Min最小值 Avg平均值 Max最大值 Diff差值=Max-Min
      [Ext Root Scanning (ms): Min: 0.1, Avg: 1.0, Max: 3.0, Diff: 2.9, Sum: 8.4] 跟扫描耗时
      [Update RS (ms): Min: 0.0, Avg: 1.2, Max: 3.4, Diff: 3.4, Sum: 9.7]         更新RS记忆集合
         [Processed Buffers: Min: 0, Avg: 0.6, Max: 1, Diff: 1, Sum: 5]
      [Scan RS (ms): Min: 0.0, Avg: 0.0, Max: 0.2, Diff: 0.2, Sum: 0.2]           扫描RS集合
      [Code Root Scanning (ms): Min: 0.0, Avg: 0.0, Max: 0.0, Diff: 0.0, Sum: 0.0]
      [Object Copy (ms): Min: 16.2, Avg: 17.5, Max: 19.3, Diff: 3.1, Sum: 140.0]  对象Copy
      [Termination (ms): Min: 0.0, Avg: 0.5, Max: 0.6, Diff: 0.6, Sum: 3.9]
         [Termination Attempts: Min: 1, Avg: 1.0, Max: 1, Diff: 0, Sum: 8]
      [GC Worker Other (ms): Min: 0.0, Avg: 0.0, Max: 0.0, Diff: 0.0, Sum: 0.2]
      [GC Worker Total (ms): Min: 20.3, Avg: 20.3, Max: 20.3, Diff: 0.1, Sum: 162.4]
      [GC Worker End (ms): Min: 1292.5, Avg: 1292.5, Max: 1292.5, Diff: 0.0]
   [Code Root Fixup: 0.0 ms]
   [Code Root Purge: 0.0 ms]
   [Clear CT: 0.3 ms]
   [Other: 0.7 ms]
      [Choose CSet: 0.0 ms]
      [Ref Proc: 0.3 ms]
      [Ref Enq: 0.0 ms]
      [Redirty Cards: 0.2 ms]
      [Humongous Register: 0.0 ms]
      [Humongous Reclaim: 0.0 ms]
      [Free CSet: 0.0 ms]
   [Eden: 51.0M(51.0M)->0.0B(44.0M) Survivors: 0.0B->7168.0K Heap: 51.5M(1024.0M)->48.4M(1024.0M)]堆的大小信息
 [Times: user=0.09 sys=0.05, real=0.02 secs] 
2.367: [GC pause (G1 Evacuation Pause) (young), 0.0282041 secs]
   [Parallel Time: 27.4 ms, GC Workers: 8]
      [GC Worker Start (ms): Min: 2366.9, Avg: 2367.0, Max: 2367.0, Diff: 0.2]
      [Ext Root Scanning (ms): Min: 0.1, Avg: 0.2, Max: 0.4, Diff: 0.3, Sum: 1.8]
      [Update RS (ms): Min: 1.5, Avg: 2.1, Max: 3.3, Diff: 1.8, Sum: 16.6]
         [Processed Buffers: Min: 1, Avg: 1.2, Max: 2, Diff: 1, Sum: 10]
      [Scan RS (ms): Min: 2.1, Avg: 3.2, Max: 3.6, Diff: 1.5, Sum: 25.9]
      [Code Root Scanning (ms): Min: 0.0, Avg: 0.0, Max: 0.1, Diff: 0.1, Sum: 0.1]
      [Object Copy (ms): Min: 21.0, Avg: 21.2, Max: 21.5, Diff: 0.4, Sum: 169.9]
      [Termination (ms): Min: 0.0, Avg: 0.4, Max: 0.5, Diff: 0.5, Sum: 3.1]
         [Termination Attempts: Min: 1, Avg: 1.0, Max: 1, Diff: 0, Sum: 8]
      [GC Worker Other (ms): Min: 0.0, Avg: 0.0, Max: 0.0, Diff: 0.0, Sum: 0.1]
      [GC Worker Total (ms): Min: 27.0, Avg: 27.2, Max: 27.3, Diff: 0.2, Sum: 217.4]
      [GC Worker End (ms): Min: 2394.1, Avg: 2394.1, Max: 2394.2, Diff: 0.1]
   [Code Root Fixup: 0.0 ms]
   [Code Root Purge: 0.0 ms]
   [Clear CT: 0.1 ms]
   [Other: 0.7 ms]
      [Choose CSet: 0.0 ms]
      [Ref Proc: 0.2 ms]
      [Ref Enq: 0.0 ms]
      [Redirty Cards: 0.1 ms]
      [Humongous Register: 0.0 ms]
      [Humongous Reclaim: 0.0 ms]
      [Free CSet: 0.2 ms]
   [Eden: 44.0M(44.0M)->0.0B(44.0M) Survivors: 7168.0K->7168.0K Heap: 93.4M(1024.0M)->95.5M(1024.0M)]
 [Times: user=0.14 sys=0.07, real=0.03 secs] 
3.546: [GC pause (G1 Evacuation Pause) (young), 0.0292564 secs]
   [Parallel Time: 28.3 ms, GC Workers: 8]
      [GC Worker Start (ms): Min: 3546.5, Avg: 3546.6, Max: 3546.7, Diff: 0.3]
      [Ext Root Scanning (ms): Min: 0.2, Avg: 0.3, Max: 0.4, Diff: 0.2, Sum: 2.1]
      [Update RS (ms): Min: 1.6, Avg: 1.9, Max: 2.4, Diff: 0.8, Sum: 15.0]
         [Processed Buffers: Min: 1, Avg: 1.6, Max: 3, Diff: 2, Sum: 13]
      [Scan RS (ms): Min: 4.9, Avg: 5.5, Max: 5.9, Diff: 1.0, Sum: 44.3]
      [Code Root Scanning (ms): Min: 0.0, Avg: 0.0, Max: 0.0, Diff: 0.0, Sum: 0.0]
      [Object Copy (ms): Min: 20.2, Avg: 20.3, Max: 20.4, Diff: 0.2, Sum: 162.4]
      [Termination (ms): Min: 0.0, Avg: 0.0, Max: 0.0, Diff: 0.0, Sum: 0.0]
         [Termination Attempts: Min: 1, Avg: 1.2, Max: 2, Diff: 1, Sum: 10]
      [GC Worker Other (ms): Min: 0.0, Avg: 0.0, Max: 0.0, Diff: 0.0, Sum: 0.2]
      [GC Worker Total (ms): Min: 27.9, Avg: 28.0, Max: 28.1, Diff: 0.3, Sum: 223.9]
      [GC Worker End (ms): Min: 3574.6, Avg: 3574.6, Max: 3574.6, Diff: 0.0]
   [Code Root Fixup: 0.0 ms]
   [Code Root Purge: 0.0 ms]
   [Clear CT: 0.1 ms]
   [Other: 0.8 ms]
      [Choose CSet: 0.0 ms]
      [Ref Proc: 0.2 ms]
      [Ref Enq: 0.0 ms]
      [Redirty Cards: 0.2 ms]
      [Humongous Register: 0.0 ms]
      [Humongous Reclaim: 0.0 ms]
      [Free CSet: 0.2 ms]
   [Eden: 44.0M(44.0M)->0.0B(44.0M) Survivors: 7168.0K->7168.0K Heap: 141.5M(1024.0M)->143.5M(1024.0M)]
 [Times: user=0.15 sys=0.07, real=0.03 secs] 
4.697: [GC pause (G1 Evacuation Pause) (young), 0.0301905 secs]
   [Parallel Time: 29.3 ms, GC Workers: 8]
      [GC Worker Start (ms): Min: 4696.9, Avg: 4697.0, Max: 4697.1, Diff: 0.2]
      [Ext Root Scanning (ms): Min: 0.1, Avg: 0.2, Max: 0.3, Diff: 0.2, Sum: 1.6]
      [Update RS (ms): Min: 1.9, Avg: 2.3, Max: 2.4, Diff: 0.6, Sum: 18.5]
         [Processed Buffers: Min: 2, Avg: 2.1, Max: 3, Diff: 1, Sum: 17]
      [Scan RS (ms): Min: 4.9, Avg: 5.1, Max: 5.5, Diff: 0.6, Sum: 40.8]
      [Code Root Scanning (ms): Min: 0.0, Avg: 0.0, Max: 0.0, Diff: 0.0, Sum: 0.0]
      [Object Copy (ms): Min: 21.2, Avg: 21.3, Max: 21.4, Diff: 0.2, Sum: 170.3]
      [Termination (ms): Min: 0.0, Avg: 0.2, Max: 0.3, Diff: 0.3, Sum: 1.7]
         [Termination Attempts: Min: 1, Avg: 6.6, Max: 10, Diff: 9, Sum: 53]
      [GC Worker Other (ms): Min: 0.0, Avg: 0.0, Max: 0.0, Diff: 0.0, Sum: 0.1]
      [GC Worker Total (ms): Min: 29.0, Avg: 29.1, Max: 29.2, Diff: 0.2, Sum: 232.8]
      [GC Worker End (ms): Min: 4726.1, Avg: 4726.1, Max: 4726.2, Diff: 0.1]
   [Code Root Fixup: 0.0 ms]
   [Code Root Purge: 0.0 ms]
   [Clear CT: 0.1 ms]
   [Other: 0.7 ms]
      [Choose CSet: 0.0 ms]
      [Ref Proc: 0.1 ms]
      [Ref Enq: 0.0 ms]
      [Redirty Cards: 0.1 ms]
      [Humongous Register: 0.0 ms]
      [Humongous Reclaim: 0.0 ms]
      [Free CSet: 0.3 ms]
   [Eden: 44.0M(44.0M)->0.0B(44.0M) Survivors: 7168.0K->7168.0K Heap: 187.5M(1024.0M)->189.5M(1024.0M)]
 [Times: user=0.15 sys=0.06, real=0.03 secs] 
5.890: [GC pause (G1 Evacuation Pause) (young), 0.0317022 secs]
   [Parallel Time: 30.7 ms, GC Workers: 8]
      [GC Worker Start (ms): Min: 5890.3, Avg: 5890.4, Max: 5890.5, Diff: 0.2]
      [Ext Root Scanning (ms): Min: 0.2, Avg: 0.3, Max: 0.4, Diff: 0.2, Sum: 2.1]
      [Update RS (ms): Min: 1.2, Avg: 1.8, Max: 2.0, Diff: 0.8, Sum: 14.6]
         [Processed Buffers: Min: 2, Avg: 2.0, Max: 2, Diff: 0, Sum: 16]
      [Scan RS (ms): Min: 7.7, Avg: 7.9, Max: 8.6, Diff: 0.8, Sum: 63.5]
      [Code Root Scanning (ms): Min: 0.0, Avg: 0.0, Max: 0.0, Diff: 0.0, Sum: 0.0]
      [Object Copy (ms): Min: 20.4, Avg: 20.4, Max: 20.4, Diff: 0.1, Sum: 163.0]
      [Termination (ms): Min: 0.0, Avg: 0.0, Max: 0.0, Diff: 0.0, Sum: 0.0]
         [Termination Attempts: Min: 1, Avg: 1.0, Max: 1, Diff: 0, Sum: 8]
      [GC Worker Other (ms): Min: 0.0, Avg: 0.0, Max: 0.0, Diff: 0.0, Sum: 0.2]
      [GC Worker Total (ms): Min: 30.4, Avg: 30.4, Max: 30.5, Diff: 0.2, Sum: 243.5]
      [GC Worker End (ms): Min: 5920.8, Avg: 5920.8, Max: 5920.8, Diff: 0.0]
   [Code Root Fixup: 0.0 ms]
   [Code Root Purge: 0.0 ms]
   [Clear CT: 0.1 ms]
   [Other: 0.9 ms]
      [Choose CSet: 0.0 ms]
      [Ref Proc: 0.1 ms]
      [Ref Enq: 0.0 ms]
      [Redirty Cards: 0.1 ms]
      [Humongous Register: 0.0 ms]
      [Humongous Reclaim: 0.0 ms]
      [Free CSet: 0.4 ms]
   [Eden: 44.0M(44.0M)->0.0B(44.0M) Survivors: 7168.0K->7168.0K Heap: 237.5M(1024.0M)->239.0M(1024.0M)]
 [Times: user=0.17 sys=0.07, real=0.03 secs] 
7.041: [GC pause (G1 Evacuation Pause) (young), 0.0286813 secs]
   [Parallel Time: 27.5 ms, GC Workers: 8]
      [GC Worker Start (ms): Min: 7041.3, Avg: 7041.5, Max: 7041.5, Diff: 0.2]
      [Ext Root Scanning (ms): Min: 0.1, Avg: 0.2, Max: 0.3, Diff: 0.2, Sum: 1.2]
      [Update RS (ms): Min: 1.4, Avg: 1.8, Max: 2.1, Diff: 0.7, Sum: 14.7]
         [Processed Buffers: Min: 1, Avg: 2.0, Max: 3, Diff: 2, Sum: 16]
      [Scan RS (ms): Min: 5.1, Avg: 5.4, Max: 5.9, Diff: 0.7, Sum: 43.4]
      [Code Root Scanning (ms): Min: 0.0, Avg: 0.0, Max: 0.0, Diff: 0.0, Sum: 0.0]
      [Object Copy (ms): Min: 19.8, Avg: 19.8, Max: 19.8, Diff: 0.1, Sum: 158.5]
      [Termination (ms): Min: 0.0, Avg: 0.0, Max: 0.0, Diff: 0.0, Sum: 0.0]
         [Termination Attempts: Min: 1, Avg: 1.0, Max: 1, Diff: 0, Sum: 8]
      [GC Worker Other (ms): Min: 0.0, Avg: 0.0, Max: 0.0, Diff: 0.0, Sum: 0.1]
      [GC Worker Total (ms): Min: 27.2, Avg: 27.2, Max: 27.4, Diff: 0.2, Sum: 217.9]
      [GC Worker End (ms): Min: 7068.7, Avg: 7068.7, Max: 7068.7, Diff: 0.0]
   [Code Root Fixup: 0.0 ms]
   [Code Root Purge: 0.0 ms]
   [Clear CT: 0.1 ms]
   [Other: 1.1 ms]
      [Choose CSet: 0.0 ms]
      [Ref Proc: 0.4 ms]
      [Ref Enq: 0.0 ms]
      [Redirty Cards: 0.2 ms]
      [Humongous Register: 0.0 ms]
      [Humongous Reclaim: 0.0 ms]
      [Free CSet: 0.3 ms]
   [Eden: 44.0M(44.0M)->0.0B(44.0M) Survivors: 7168.0K->7168.0K Heap: 283.0M(1024.0M)->285.0M(1024.0M)]
 [Times: user=0.14 sys=0.07, real=0.03 secs] 
8.184: [GC pause (G1 Evacuation Pause) (young), 0.0304531 secs]
   [Parallel Time: 29.4 ms, GC Workers: 8]
      [GC Worker Start (ms): Min: 8184.4, Avg: 8184.5, Max: 8184.7, Diff: 0.3]
      [Ext Root Scanning (ms): Min: 0.0, Avg: 0.2, Max: 0.3, Diff: 0.3, Sum: 1.7]
      [Update RS (ms): Min: 1.8, Avg: 2.2, Max: 2.5, Diff: 0.7, Sum: 17.9]
         [Processed Buffers: Min: 2, Avg: 2.1, Max: 3, Diff: 1, Sum: 17]
      [Scan RS (ms): Min: 5.9, Avg: 6.1, Max: 6.6, Diff: 0.7, Sum: 48.7]
      [Code Root Scanning (ms): Min: 0.0, Avg: 0.0, Max: 0.0, Diff: 0.0, Sum: 0.0]
      [Object Copy (ms): Min: 20.6, Avg: 20.6, Max: 20.7, Diff: 0.1, Sum: 165.1]
      [Termination (ms): Min: 0.0, Avg: 0.0, Max: 0.0, Diff: 0.0, Sum: 0.0]
         [Termination Attempts: Min: 1, Avg: 1.2, Max: 2, Diff: 1, Sum: 10]
      [GC Worker Other (ms): Min: 0.0, Avg: 0.0, Max: 0.0, Diff: 0.0, Sum: 0.2]
      [GC Worker Total (ms): Min: 29.0, Avg: 29.2, Max: 29.3, Diff: 0.3, Sum: 233.6]
      [GC Worker End (ms): Min: 8213.7, Avg: 8213.7, Max: 8213.7, Diff: 0.0]
   [Code Root Fixup: 0.0 ms]
   [Code Root Purge: 0.0 ms]
   [Clear CT: 0.1 ms]
   [Other: 0.9 ms]
      [Choose CSet: 0.0 ms]
      [Ref Proc: 0.2 ms]
      [Ref Enq: 0.0 ms]
      [Redirty Cards: 0.3 ms]
      [Humongous Register: 0.0 ms]
      [Humongous Reclaim: 0.0 ms]
      [Free CSet: 0.3 ms]
   [Eden: 44.0M(44.0M)->0.0B(44.0M) Survivors: 7168.0K->7168.0K Heap: 329.0M(1024.0M)->331.0M(1024.0M)]
 [Times: user=0.16 sys=0.07, real=0.03 secs] 
9.332: [GC pause (G1 Evacuation Pause) (young), 0.0306468 secs]
   [Parallel Time: 29.7 ms, GC Workers: 8]
      [GC Worker Start (ms): Min: 9331.7, Avg: 9331.8, Max: 9331.8, Diff: 0.2]
      [Ext Root Scanning (ms): Min: 0.1, Avg: 0.3, Max: 1.0, Diff: 0.8, Sum: 2.3]
      [Update RS (ms): Min: 1.8, Avg: 2.4, Max: 2.6, Diff: 0.7, Sum: 19.1]
         [Processed Buffers: Min: 2, Avg: 2.1, Max: 3, Diff: 1, Sum: 17]
      [Scan RS (ms): Min: 6.3, Avg: 6.4, Max: 6.7, Diff: 0.3, Sum: 51.5]
      [Code Root Scanning (ms): Min: 0.0, Avg: 0.0, Max: 0.0, Diff: 0.0, Sum: 0.0]
      [Object Copy (ms): Min: 20.4, Avg: 20.4, Max: 20.4, Diff: 0.1, Sum: 163.2]
      [Termination (ms): Min: 0.0, Avg: 0.0, Max: 0.0, Diff: 0.0, Sum: 0.0]
         [Termination Attempts: Min: 1, Avg: 3.0, Max: 5, Diff: 4, Sum: 24]
      [GC Worker Other (ms): Min: 0.0, Avg: 0.0, Max: 0.0, Diff: 0.0, Sum: 0.2]
      [GC Worker Total (ms): Min: 29.5, Avg: 29.5, Max: 29.6, Diff: 0.2, Sum: 236.3]
      [GC Worker End (ms): Min: 9361.3, Avg: 9361.3, Max: 9361.3, Diff: 0.0]
   [Code Root Fixup: 0.0 ms]
   [Code Root Purge: 0.0 ms]
   [Clear CT: 0.1 ms]
   [Other: 0.8 ms]
      [Choose CSet: 0.0 ms]
      [Ref Proc: 0.3 ms]
      [Ref Enq: 0.0 ms]
      [Redirty Cards: 0.1 ms]
      [Humongous Register: 0.0 ms]
      [Humongous Reclaim: 0.0 ms]
      [Free CSet: 0.3 ms]
   [Eden: 44.0M(44.0M)->0.0B(59.0M) Survivors: 7168.0K->7168.0K Heap: 375.0M(1024.0M)->377.0M(1024.0M)]
 [Times: user=0.16 sys=0.07, real=0.03 secs] 
10.824: [GC pause (G1 Evacuation Pause) (young), 0.0392403 secs]
   [Parallel Time: 38.1 ms, GC Workers: 8]
      [GC Worker Start (ms): Min: 10824.3, Avg: 10824.4, Max: 10824.5, Diff: 0.2]
      [Ext Root Scanning (ms): Min: 0.1, Avg: 0.2, Max: 0.3, Diff: 0.2, Sum: 1.5]
      [Update RS (ms): Min: 2.6, Avg: 2.8, Max: 3.3, Diff: 0.7, Sum: 22.3]
         [Processed Buffers: Min: 2, Avg: 2.4, Max: 3, Diff: 1, Sum: 19]
      [Scan RS (ms): Min: 7.3, Avg: 7.8, Max: 8.0, Diff: 0.7, Sum: 62.2]
      [Code Root Scanning (ms): Min: 0.0, Avg: 0.0, Max: 0.0, Diff: 0.0, Sum: 0.0]
      [Object Copy (ms): Min: 27.1, Avg: 27.1, Max: 27.1, Diff: 0.1, Sum: 216.7]
      [Termination (ms): Min: 0.0, Avg: 0.0, Max: 0.0, Diff: 0.0, Sum: 0.1]
         [Termination Attempts: Min: 1, Avg: 1.0, Max: 1, Diff: 0, Sum: 8]
      [GC Worker Other (ms): Min: 0.0, Avg: 0.0, Max: 0.0, Diff: 0.0, Sum: 0.1]
      [GC Worker Total (ms): Min: 37.8, Avg: 37.9, Max: 38.0, Diff: 0.2, Sum: 303.1]
      [GC Worker End (ms): Min: 10862.3, Avg: 10862.3, Max: 10862.3, Diff: 0.0]
   [Code Root Fixup: 0.0 ms]
   [Code Root Purge: 0.0 ms]
   [Clear CT: 0.2 ms]
   [Other: 1.0 ms]
      [Choose CSet: 0.0 ms]
      [Ref Proc: 0.2 ms]
      [Ref Enq: 0.0 ms]
      [Redirty Cards: 0.3 ms]
      [Humongous Register: 0.0 ms]
      [Humongous Reclaim: 0.0 ms]
      [Free CSet: 0.3 ms]
   [Eden: 57.0M(48.0M)->0.0B(81.0M) Survivors: 7168.0K->7168.0K Heap: 434.0M(1024.0M)->437.0M(1024.0M)]
 [Times: user=0.20 sys=0.10, real=0.03 secs] 
12.391: [GC pause (G1 Evacuation Pause) (young), 0.0404988 secs]
   [Parallel Time: 39.4 ms, GC Workers: 8]
      [GC Worker Start (ms): Min: 12391.2, Avg: 12391.3, Max: 12391.3, Diff: 0.2]
      [Ext Root Scanning (ms): Min: 0.1, Avg: 0.2, Max: 0.3, Diff: 0.2, Sum: 1.5]
      [Update RS (ms): Min: 2.6, Avg: 2.7, Max: 3.1, Diff: 0.5, Sum: 21.7]
         [Processed Buffers: Min: 2, Avg: 2.4, Max: 4, Diff: 2, Sum: 19]
      [Scan RS (ms): Min: 9.9, Avg: 10.3, Max: 10.4, Diff: 0.5, Sum: 82.5]
      [Code Root Scanning (ms): Min: 0.0, Avg: 0.0, Max: 0.2, Diff: 0.2, Sum: 0.2]
      [Object Copy (ms): Min: 25.3, Avg: 25.4, Max: 25.9, Diff: 0.7, Sum: 203.0]
      [Termination (ms): Min: 0.0, Avg: 0.6, Max: 0.7, Diff: 0.7, Sum: 4.6]
         [Termination Attempts: Min: 1, Avg: 1.0, Max: 1, Diff: 0, Sum: 8]
      [GC Worker Other (ms): Min: 0.0, Avg: 0.0, Max: 0.0, Diff: 0.0, Sum: 0.1]
      [GC Worker Total (ms): Min: 39.1, Avg: 39.2, Max: 39.3, Diff: 0.2, Sum: 313.5]
      [GC Worker End (ms): Min: 12430.4, Avg: 12430.4, Max: 12430.5, Diff: 0.0]
   [Code Root Fixup: 0.0 ms]
   [Code Root Purge: 0.0 ms]
   [Clear CT: 0.1 ms]
   [Other: 1.0 ms]
      [Choose CSet: 0.0 ms]
      [Ref Proc: 0.2 ms]
      [Ref Enq: 0.0 ms]
      [Redirty Cards: 0.2 ms]
      [Humongous Register: 0.0 ms]
      [Humongous Reclaim: 0.0 ms]
      [Free CSet: 0.4 ms]
   [Eden: 55.0M(55.0M)->0.0B(99.0M) Survivors: 7168.0K->8192.0K Heap: 500.0M(1024.0M)->501.5M(1024.0M)]
 [Times: user=0.22 sys=0.09, real=0.04 secs] 
14.540: [GC pause (G1 Evacuation Pause) (young) (initial-mark), 0.0507929 secs]
   [Parallel Time: 49.6 ms, GC Workers: 8]
      [GC Worker Start (ms): Min: 14540.6, Avg: 14540.7, Max: 14540.9, Diff: 0.3]
      [Ext Root Scanning (ms): Min: 0.0, Avg: 0.3, Max: 0.4, Diff: 0.4, Sum: 2.7]
      [Update RS (ms): Min: 3.1, Avg: 3.5, Max: 4.3, Diff: 1.2, Sum: 28.3]
         [Processed Buffers: Min: 2, Avg: 3.1, Max: 5, Diff: 3, Sum: 25]
      [Scan RS (ms): Min: 9.0, Avg: 9.7, Max: 10.1, Diff: 1.1, Sum: 77.7]
      [Code Root Scanning (ms): Min: 0.0, Avg: 0.0, Max: 0.0, Diff: 0.0, Sum: 0.0]
      [Object Copy (ms): Min: 35.8, Avg: 35.8, Max: 35.9, Diff: 0.1, Sum: 286.6]
      [Termination (ms): Min: 0.0, Avg: 0.0, Max: 0.0, Diff: 0.0, Sum: 0.1]
         [Termination Attempts: Min: 1, Avg: 1.0, Max: 1, Diff: 0, Sum: 8]
      [GC Worker Other (ms): Min: 0.0, Avg: 0.0, Max: 0.0, Diff: 0.0, Sum: 0.1]
      [GC Worker Total (ms): Min: 49.2, Avg: 49.4, Max: 49.5, Diff: 0.3, Sum: 395.6]
      [GC Worker End (ms): Min: 14590.1, Avg: 14590.1, Max: 14590.1, Diff: 0.0]
   [Code Root Fixup: 0.0 ms]
   [Code Root Purge: 0.0 ms]
   [Clear CT: 0.2 ms]
   [Other: 1.0 ms]
      [Choose CSet: 0.0 ms]
      [Ref Proc: 0.3 ms]
      [Ref Enq: 0.0 ms]
      [Redirty Cards: 0.2 ms]
      [Humongous Register: 0.0 ms]
      [Humongous Reclaim: 0.0 ms]
      [Free CSet: 0.3 ms]
   [Eden: 82.0M(82.0M)->0.0B(119.0M) Survivors: 8192.0K->12.0M Heap: 583.5M(1024.0M)->586.0M(1024.0M)]
 [Times: user=0.26 sys=0.12, real=0.05 secs] 
14.591: [GC concurrent-root-region-scan-start]
14.593: [GC concurrent-root-region-scan-end, 0.0013636 secs]
14.593: [GC concurrent-mark-start]
14.803: [GC concurrent-mark-end, 0.2099132 secs]
14.803: [GC remark 14.803: [Finalize Marking, 0.0001992 secs] 14.803: [GC ref-proc, 0.0000570 secs] 14.803: [Unloading, 0.0006116 secs], 0.0034567 secs]
 [Times: user=0.02 sys=0.00, real=0.01 secs] 
14.806: [GC cleanup 595M->588M(1024M), 0.0020824 secs]
 [Times: user=0.02 sys=0.01, real=0.00 secs] 
14.809: [GC concurrent-cleanup-start]
14.809: [GC concurrent-cleanup-end, 0.0000149 secs]
16.999: [GC pause (G1 Evacuation Pause) (young), 0.0596447 secs]
   [Parallel Time: 58.3 ms, GC Workers: 8]
      [GC Worker Start (ms): Min: 16999.2, Avg: 16999.4, Max: 16999.4, Diff: 0.2]
      [Ext Root Scanning (ms): Min: 0.1, Avg: 0.2, Max: 0.3, Diff: 0.2, Sum: 1.5]
      [Update RS (ms): Min: 3.6, Avg: 4.0, Max: 4.2, Diff: 0.6, Sum: 32.1]
         [Processed Buffers: Min: 3, Avg: 3.2, Max: 5, Diff: 2, Sum: 26]
      [Scan RS (ms): Min: 12.5, Avg: 12.7, Max: 13.2, Diff: 0.6, Sum: 101.5]
      [Code Root Scanning (ms): Min: 0.0, Avg: 0.0, Max: 0.0, Diff: 0.0, Sum: 0.0]
      [Object Copy (ms): Min: 41.1, Avg: 41.2, Max: 41.2, Diff: 0.1, Sum: 329.2]
      [Termination (ms): Min: 0.0, Avg: 0.0, Max: 0.0, Diff: 0.0, Sum: 0.0]
         [Termination Attempts: Min: 1, Avg: 1.0, Max: 1, Diff: 0, Sum: 8]
      [GC Worker Other (ms): Min: 0.0, Avg: 0.0, Max: 0.1, Diff: 0.0, Sum: 0.2]
      [GC Worker Total (ms): Min: 58.0, Avg: 58.1, Max: 58.2, Diff: 0.2, Sum: 464.6]
      [GC Worker End (ms): Min: 17057.4, Avg: 17057.4, Max: 17057.5, Diff: 0.0]
   [Code Root Fixup: 0.0 ms]
   [Code Root Purge: 0.0 ms]
   [Clear CT: 0.2 ms]
   [Other: 1.1 ms]
      [Choose CSet: 0.0 ms]
      [Ref Proc: 0.3 ms]
      [Ref Enq: 0.0 ms]
      [Redirty Cards: 0.3 ms]
      [Humongous Register: 0.0 ms]
      [Humongous Reclaim: 0.0 ms]
      [Free CSet: 0.4 ms]
   [Eden: 96.0M(96.0M)->0.0B(122.0M) Survivors: 12.0M->14.0M Heap: 674.5M(1024.0M)->675.5M(1024.0M)]
 [Times: user=0.31 sys=0.12, real=0.06 secs] 
20.028: [GC pause (G1 Evacuation Pause) (young), 0.0731024 secs]
   [Parallel Time: 71.9 ms, GC Workers: 8]
      [GC Worker Start (ms): Min: 20028.4, Avg: 20028.4, Max: 20028.5, Diff: 0.2]
      [Ext Root Scanning (ms): Min: 0.1, Avg: 0.2, Max: 0.3, Diff: 0.1, Sum: 1.6]
      [Update RS (ms): Min: 3.1, Avg: 3.6, Max: 4.1, Diff: 1.0, Sum: 29.0]
         [Processed Buffers: Min: 2, Avg: 2.8, Max: 3, Diff: 1, Sum: 22]
      [Scan RS (ms): Min: 15.0, Avg: 15.6, Max: 16.1, Diff: 1.0, Sum: 124.7]
      [Code Root Scanning (ms): Min: 0.0, Avg: 0.0, Max: 0.0, Diff: 0.0, Sum: 0.0]
      [Object Copy (ms): Min: 52.2, Avg: 52.3, Max: 52.3, Diff: 0.1, Sum: 418.3]
      [Termination (ms): Min: 0.0, Avg: 0.0, Max: 0.0, Diff: 0.0, Sum: 0.0]
         [Termination Attempts: Min: 1, Avg: 1.0, Max: 1, Diff: 0, Sum: 8]
      [GC Worker Other (ms): Min: 0.0, Avg: 0.0, Max: 0.0, Diff: 0.0, Sum: 0.1]
      [GC Worker Total (ms): Min: 71.7, Avg: 71.7, Max: 71.8, Diff: 0.2, Sum: 573.7]
      [GC Worker End (ms): Min: 20100.2, Avg: 20100.2, Max: 20100.2, Diff: 0.0]
   [Code Root Fixup: 0.0 ms]
   [Code Root Purge: 0.0 ms]
   [Clear CT: 0.2 ms]
   [Other: 1.0 ms]
      [Choose CSet: 0.0 ms]
      [Ref Proc: 0.1 ms]
      [Ref Enq: 0.0 ms]
      [Redirty Cards: 0.2 ms]
      [Humongous Register: 0.0 ms]
      [Humongous Reclaim: 0.0 ms]
      [Free CSet: 0.4 ms]
   [Eden: 115.0M(115.0M)->0.0B(63.0M) Survivors: 14.0M->17.0M Heap: 790.5M(1024.0M)->792.5M(1024.0M)]
 [Times: user=0.38 sys=0.17, real=0.07 secs] 
21.724: [GC pause (G1 Evacuation Pause) (young) (initial-mark), 0.0517453 secs]
   [Parallel Time: 50.5 ms, GC Workers: 8]
      [GC Worker Start (ms): Min: 21723.8, Avg: 21723.9, Max: 21724.0, Diff: 0.2]
      [Ext Root Scanning (ms): Min: 0.2, Avg: 0.4, Max: 1.8, Diff: 1.7, Sum: 3.4]
      [Update RS (ms): Min: 2.9, Avg: 4.3, Max: 5.0, Diff: 2.1, Sum: 34.3]
         [Processed Buffers: Min: 1, Avg: 3.1, Max: 4, Diff: 3, Sum: 25]
      [Scan RS (ms): Min: 12.1, Avg: 12.6, Max: 13.0, Diff: 0.9, Sum: 100.7]
      [Code Root Scanning (ms): Min: 0.0, Avg: 0.0, Max: 0.0, Diff: 0.0, Sum: 0.0]
      [Object Copy (ms): Min: 32.9, Avg: 32.9, Max: 32.9, Diff: 0.1, Sum: 263.1]
      [Termination (ms): Min: 0.0, Avg: 0.0, Max: 0.0, Diff: 0.0, Sum: 0.1]
         [Termination Attempts: Min: 1, Avg: 1.0, Max: 1, Diff: 0, Sum: 8]
      [GC Worker Other (ms): Min: 0.0, Avg: 0.0, Max: 0.0, Diff: 0.0, Sum: 0.1]
      [GC Worker Total (ms): Min: 50.1, Avg: 50.2, Max: 50.3, Diff: 0.2, Sum: 401.7]
      [GC Worker End (ms): Min: 21774.1, Avg: 21774.1, Max: 21774.1, Diff: 0.0]
   [Code Root Fixup: 0.0 ms]
   [Code Root Purge: 0.0 ms]
   [Clear CT: 0.2 ms]
   [Other: 1.0 ms]
      [Choose CSet: 0.0 ms]
      [Ref Proc: 0.2 ms]
      [Ref Enq: 0.0 ms]
      [Redirty Cards: 0.2 ms]
      [Humongous Register: 0.0 ms]
      [Humongous Reclaim: 0.0 ms]
      [Free CSet: 0.3 ms]
   [Eden: 63.0M(63.0M)->0.0B(41.0M) Survivors: 17.0M->10.0M Heap: 855.5M(1024.0M)->857.5M(1024.0M)]
 [Times: user=0.28 sys=0.10, real=0.06 secs] 
21.775: [GC concurrent-root-region-scan-start]
21.777: [GC concurrent-root-region-scan-end, 0.0011392 secs]
21.777: [GC concurrent-mark-start]
22.075: [GC concurrent-mark-end, 0.2987315 secs]
22.075: [GC remark 22.075: [Finalize Marking, 0.0001898 secs] 22.076: [GC ref-proc, 0.0000545 secs] 22.076: [Unloading, 0.0005656 secs], 0.0047394 secs]
 [Times: user=0.03 sys=0.00, real=0.00 secs] 
22.080: [GC cleanup 870M->870M(1024M), 0.0026631 secs]
 [Times: user=0.02 sys=0.00, real=0.00 secs] 
22.815: [GC pause (G1 Evacuation Pause) (young), 0.0317052 secs]
   [Parallel Time: 30.7 ms, GC Workers: 8]
      [GC Worker Start (ms): Min: 22815.4, Avg: 22815.5, Max: 22815.6, Diff: 0.1]
      [Ext Root Scanning (ms): Min: 0.1, Avg: 0.2, Max: 0.3, Diff: 0.1, Sum: 1.7]
      [Update RS (ms): Min: 3.8, Avg: 4.0, Max: 4.2, Diff: 0.4, Sum: 31.9]
         [Processed Buffers: Min: 3, Avg: 3.2, Max: 4, Diff: 1, Sum: 26]
      [Scan RS (ms): Min: 8.7, Avg: 9.0, Max: 9.2, Diff: 0.4, Sum: 71.9]
      [Code Root Scanning (ms): Min: 0.0, Avg: 0.0, Max: 0.0, Diff: 0.0, Sum: 0.0]
      [Object Copy (ms): Min: 17.3, Avg: 17.3, Max: 17.3, Diff: 0.1, Sum: 138.4]
      [Termination (ms): Min: 0.0, Avg: 0.0, Max: 0.0, Diff: 0.0, Sum: 0.0]
         [Termination Attempts: Min: 1, Avg: 1.0, Max: 1, Diff: 0, Sum: 8]
      [GC Worker Other (ms): Min: 0.0, Avg: 0.0, Max: 0.0, Diff: 0.0, Sum: 0.1]
      [GC Worker Total (ms): Min: 30.4, Avg: 30.5, Max: 30.6, Diff: 0.1, Sum: 244.1]
      [GC Worker End (ms): Min: 22846.0, Avg: 22846.0, Max: 22846.0, Diff: 0.0]
   [Code Root Fixup: 0.0 ms]
   [Code Root Purge: 0.0 ms]
   [Clear CT: 0.2 ms]
   [Other: 0.8 ms]
      [Choose CSet: 0.0 ms]
      [Ref Proc: 0.2 ms]
      [Ref Enq: 0.0 ms]
      [Redirty Cards: 0.2 ms]
      [Humongous Register: 0.0 ms]
      [Humongous Reclaim: 0.0 ms]
      [Free CSet: 0.2 ms]
   [Eden: 41.0M(41.0M)->0.0B(44.0M) Survivors: 10.0M->7168.0K Heap: 898.5M(1024.0M)->900.5M(1024.0M)]
 [Times: user=0.20 sys=0.04, real=0.03 secs] 
23.215: [GC pause (G1 Humongous Allocation) (young) (initial-mark), 0.0144908 secs]
   [Parallel Time: 13.5 ms, GC Workers: 8]
      [GC Worker Start (ms): Min: 23215.0, Avg: 23215.1, Max: 23215.2, Diff: 0.3]
      [Ext Root Scanning (ms): Min: 0.1, Avg: 0.2, Max: 0.4, Diff: 0.2, Sum: 2.0]
      [Update RS (ms): Min: 4.0, Avg: 4.5, Max: 5.0, Diff: 0.9, Sum: 35.7]
         [Processed Buffers: Min: 3, Avg: 3.8, Max: 4, Diff: 1, Sum: 30]
      [Scan RS (ms): Min: 3.3, Avg: 3.8, Max: 4.2, Diff: 0.9, Sum: 30.3]
      [Code Root Scanning (ms): Min: 0.0, Avg: 0.0, Max: 0.0, Diff: 0.0, Sum: 0.0]
      [Object Copy (ms): Min: 4.7, Avg: 4.7, Max: 4.8, Diff: 0.1, Sum: 37.7]
      [Termination (ms): Min: 0.0, Avg: 0.0, Max: 0.0, Diff: 0.0, Sum: 0.0]
         [Termination Attempts: Min: 1, Avg: 1.6, Max: 2, Diff: 1, Sum: 13]
      [GC Worker Other (ms): Min: 0.0, Avg: 0.0, Max: 0.0, Diff: 0.0, Sum: 0.2]
      [GC Worker Total (ms): Min: 13.1, Avg: 13.2, Max: 13.4, Diff: 0.3, Sum: 105.9]
      [GC Worker End (ms): Min: 23228.3, Avg: 23228.3, Max: 23228.3, Diff: 0.0]
   [Code Root Fixup: 0.0 ms]
   [Code Root Purge: 0.0 ms]
   [Clear CT: 0.3 ms]
   [Other: 0.7 ms]
      [Choose CSet: 0.0 ms]
      [Ref Proc: 0.2 ms]
      [Ref Enq: 0.0 ms]
      [Redirty Cards: 0.2 ms]
      [Humongous Register: 0.0 ms]
      [Humongous Reclaim: 0.0 ms]
      [Free CSet: 0.1 ms]
   [Eden: 15.0M(44.0M)->0.0B(44.0M) Survivors: 7168.0K->7168.0K Heap: 915.0M(1024.0M)->917.0M(1024.0M)]
 [Times: user=0.11 sys=0.00, real=0.01 secs] 
23.229: [GC concurrent-root-region-scan-start]
23.230: [GC concurrent-root-region-scan-end, 0.0010329 secs]
23.230: [GC concurrent-mark-start]
23.627: [GC concurrent-mark-end, 0.3966199 secs]
23.627: [GC remark 23.627: [Finalize Marking, 0.0002237 secs] 23.628: [GC ref-proc, 0.0000538 secs] 23.628: [Unloading, 0.0006616 secs], 0.0049069 secs]
 [Times: user=0.03 sys=0.00, real=0.00 secs] 
23.632: [GC cleanup 936M->936M(1024M), 0.0040047 secs]
 [Times: user=0.03 sys=0.00, real=0.01 secs] 
24.675: [GC pause (G1 Evacuation Pause) (young) (to-space exhausted), 0.0568537 secs]
   [Parallel Time: 50.7 ms, GC Workers: 8]
      [GC Worker Start (ms): Min: 24674.7, Avg: 24674.8, Max: 24674.9, Diff: 0.2]
      [Ext Root Scanning (ms): Min: 0.1, Avg: 0.2, Max: 0.3, Diff: 0.2, Sum: 1.6]
      [Update RS (ms): Min: 4.5, Avg: 5.1, Max: 5.4, Diff: 0.8, Sum: 40.8]
         [Processed Buffers: Min: 3, Avg: 3.9, Max: 4, Diff: 1, Sum: 31]
      [Scan RS (ms): Min: 9.3, Avg: 9.6, Max: 10.1, Diff: 0.8, Sum: 76.6]
      [Code Root Scanning (ms): Min: 0.0, Avg: 0.0, Max: 0.0, Diff: 0.0, Sum: 0.0]
      [Object Copy (ms): Min: 35.5, Avg: 35.6, Max: 35.6, Diff: 0.1, Sum: 284.5]
      [Termination (ms): Min: 0.0, Avg: 0.0, Max: 0.1, Diff: 0.1, Sum: 0.3]
         [Termination Attempts: Min: 1, Avg: 1.0, Max: 1, Diff: 0, Sum: 8]
      [GC Worker Other (ms): Min: 0.0, Avg: 0.0, Max: 0.0, Diff: 0.0, Sum: 0.1]
      [GC Worker Total (ms): Min: 50.4, Avg: 50.5, Max: 50.6, Diff: 0.2, Sum: 403.9]
      [GC Worker End (ms): Min: 24725.3, Avg: 24725.3, Max: 24725.3, Diff: 0.0]
   [Code Root Fixup: 0.0 ms]
   [Code Root Purge: 0.0 ms]
   [Clear CT: 0.2 ms]
   [Other: 6.0 ms]
      [Evacuation Failure: 5.4 ms]
      [Choose CSet: 0.0 ms]
      [Ref Proc: 0.1 ms]
      [Ref Enq: 0.0 ms]
      [Redirty Cards: 0.2 ms]
      [Humongous Register: 0.0 ms]
      [Humongous Reclaim: 0.0 ms]
      [Free CSet: 0.1 ms]
   [Eden: 44.0M(44.0M)->0.0B(44.0M) Survivors: 7168.0K->7168.0K Heap: 977.0M(1024.0M)->1022.0M(1024.0M)]
 [Times: user=0.31 sys=0.02, real=0.06 secs] 
24.736: [GC pause (G1 Evacuation Pause) (young) (to-space exhausted), 0.0407812 secs]
   [Parallel Time: 39.5 ms, GC Workers: 8]
      [GC Worker Start (ms): Min: 24736.4, Avg: 24736.5, Max: 24736.5, Diff: 0.1]
      [Ext Root Scanning (ms): Min: 0.1, Avg: 0.1, Max: 0.2, Diff: 0.1, Sum: 1.1]
      [Update RS (ms): Min: 20.3, Avg: 20.6, Max: 21.2, Diff: 0.9, Sum: 165.1]
         [Processed Buffers: Min: 29, Avg: 37.9, Max: 48, Diff: 19, Sum: 303]
      [Scan RS (ms): Min: 0.0, Avg: 0.0, Max: 0.0, Diff: 0.0, Sum: 0.0]
      [Code Root Scanning (ms): Min: 0.0, Avg: 0.0, Max: 0.0, Diff: 0.0, Sum: 0.0]
      [Object Copy (ms): Min: 18.0, Avg: 18.6, Max: 18.9, Diff: 0.9, Sum: 148.6]
      [Termination (ms): Min: 0.0, Avg: 0.0, Max: 0.0, Diff: 0.0, Sum: 0.2]
         [Termination Attempts: Min: 1, Avg: 1.0, Max: 1, Diff: 0, Sum: 8]
      [GC Worker Other (ms): Min: 0.0, Avg: 0.0, Max: 0.0, Diff: 0.0, Sum: 0.1]
      [GC Worker Total (ms): Min: 39.3, Avg: 39.4, Max: 39.5, Diff: 0.1, Sum: 315.1]
      [GC Worker End (ms): Min: 24775.9, Avg: 24775.9, Max: 24775.9, Diff: 0.0]
   [Code Root Fixup: 0.0 ms]
   [Code Root Purge: 0.0 ms]
   [Clear CT: 0.1 ms]
   [Other: 1.1 ms]
      [Evacuation Failure: 0.8 ms]
      [Choose CSet: 0.0 ms]
      [Ref Proc: 0.1 ms]
      [Ref Enq: 0.0 ms]
      [Redirty Cards: 0.1 ms]
      [Humongous Register: 0.0 ms]
      [Humongous Reclaim: 0.0 ms]
      [Free CSet: 0.0 ms]
   [Eden: 0.0B(44.0M)->0.0B(51.0M) Survivors: 7168.0K->0.0B Heap: 1022.0M(1024.0M)->1022.0M(1024.0M)]
 [Times: user=0.19 sys=0.02, real=0.04 secs] 
24.777: [GC pause (G1 Evacuation Pause) (young) (initial-mark), 0.0049805 secs]
   [Parallel Time: 4.4 ms, GC Workers: 8]
      [GC Worker Start (ms): Min: 24777.4, Avg: 24777.4, Max: 24777.5, Diff: 0.0]
      [Ext Root Scanning (ms): Min: 0.1, Avg: 0.1, Max: 0.1, Diff: 0.0, Sum: 1.0]
      [Update RS (ms): Min: 4.1, Avg: 4.1, Max: 4.1, Diff: 0.0, Sum: 32.6]
         [Processed Buffers: Min: 10, Avg: 16.8, Max: 22, Diff: 12, Sum: 134]
      [Scan RS (ms): Min: 0.0, Avg: 0.0, Max: 0.0, Diff: 0.0, Sum: 0.0]
      [Code Root Scanning (ms): Min: 0.0, Avg: 0.0, Max: 0.0, Diff: 0.0, Sum: 0.0]
      [Object Copy (ms): Min: 0.0, Avg: 0.0, Max: 0.0, Diff: 0.0, Sum: 0.0]
      [Termination (ms): Min: 0.0, Avg: 0.0, Max: 0.0, Diff: 0.0, Sum: 0.3]
         [Termination Attempts: Min: 1, Avg: 1.0, Max: 1, Diff: 0, Sum: 8]
      [GC Worker Other (ms): Min: 0.0, Avg: 0.0, Max: 0.0, Diff: 0.0, Sum: 0.0]
      [GC Worker Total (ms): Min: 4.2, Avg: 4.2, Max: 4.3, Diff: 0.0, Sum: 33.9]
      [GC Worker End (ms): Min: 24781.7, Avg: 24781.7, Max: 24781.7, Diff: 0.0]
   [Code Root Fixup: 0.0 ms]
   [Code Root Purge: 0.0 ms]
   [Clear CT: 0.1 ms]
   [Other: 0.5 ms]
      [Choose CSet: 0.0 ms]
      [Ref Proc: 0.2 ms]
      [Ref Enq: 0.0 ms]
      [Redirty Cards: 0.1 ms]
      [Humongous Register: 0.0 ms]
      [Humongous Reclaim: 0.0 ms]
      [Free CSet: 0.0 ms]
   [Eden: 0.0B(51.0M)->0.0B(51.0M) Survivors: 0.0B->0.0B Heap: 1022.0M(1024.0M)->1022.0M(1024.0M)]
 [Times: user=0.03 sys=0.00, real=0.00 secs] 
24.782: [GC concurrent-root-region-scan-start]
24.782: [GC concurrent-root-region-scan-end, 0.0000263 secs]
24.782: [GC concurrent-mark-start]
24.783: [GC pause (G1 Evacuation Pause) (young), 0.0007875 secs]
   [Parallel Time: 0.3 ms, GC Workers: 8]
      [GC Worker Start (ms): Min: 24782.6, Avg: 24782.7, Max: 24782.7, Diff: 0.1]
      [Ext Root Scanning (ms): Min: 0.1, Avg: 0.1, Max: 0.2, Diff: 0.1, Sum: 0.9]
      [Update RS (ms): Min: 0.0, Avg: 0.0, Max: 0.0, Diff: 0.0, Sum: 0.0]
         [Processed Buffers: Min: 0, Avg: 0.1, Max: 1, Diff: 1, Sum: 1]
      [Scan RS (ms): Min: 0.0, Avg: 0.0, Max: 0.0, Diff: 0.0, Sum: 0.0]
      [Code Root Scanning (ms): Min: 0.0, Avg: 0.0, Max: 0.0, Diff: 0.0, Sum: 0.0]
      [Object Copy (ms): Min: 0.0, Avg: 0.0, Max: 0.0, Diff: 0.0, Sum: 0.0]
      [Termination (ms): Min: 0.0, Avg: 0.0, Max: 0.0, Diff: 0.0, Sum: 0.0]
         [Termination Attempts: Min: 1, Avg: 1.0, Max: 1, Diff: 0, Sum: 8]
      [GC Worker Other (ms): Min: 0.0, Avg: 0.0, Max: 0.0, Diff: 0.0, Sum: 0.1]
      [GC Worker Total (ms): Min: 0.1, Avg: 0.1, Max: 0.2, Diff: 0.1, Sum: 1.0]
      [GC Worker End (ms): Min: 24782.8, Avg: 24782.8, Max: 24782.8, Diff: 0.0]
   [Code Root Fixup: 0.0 ms]
   [Code Root Purge: 0.0 ms]
   [Clear CT: 0.2 ms]
   [Other: 0.4 ms]
      [Choose CSet: 0.0 ms]
      [Ref Proc: 0.1 ms]
      [Ref Enq: 0.0 ms]
      [Redirty Cards: 0.2 ms]
      [Humongous Register: 0.0 ms]
      [Humongous Reclaim: 0.0 ms]
      [Free CSet: 0.0 ms]
   [Eden: 0.0B(51.0M)->0.0B(51.0M) Survivors: 0.0B->0.0B Heap: 1022.0M(1024.0M)->1022.0M(1024.0M)]
 [Times: user=0.01 sys=0.00, real=0.00 secs] 
24.784: [Full GC (Allocation Failure)  1022M->936M(1024M), 0.7381580 secs]
   [Eden: 0.0B(51.0M)->0.0B(51.0M) Survivors: 0.0B->0.0B Heap: 1022.0M(1024.0M)->936.6M(1024.0M)], [Metaspace: 3642K->3642K(1056768K)]
 [Times: user=1.11 sys=0.01, real=0.74 secs] 
25.522: [GC concurrent-mark-abort]
26.826: [GC pause (G1 Evacuation Pause) (young) (to-space exhausted), 0.0857049 secs]
   [Parallel Time: 78.9 ms, GC Workers: 8]
      [GC Worker Start (ms): Min: 26826.7, Avg: 26826.8, Max: 26826.9, Diff: 0.2]
      [Ext Root Scanning (ms): Min: 0.1, Avg: 0.2, Max: 0.3, Diff: 0.2, Sum: 1.5]
      [Update RS (ms): Min: 4.7, Avg: 5.0, Max: 5.4, Diff: 0.7, Sum: 39.9]
         [Processed Buffers: Min: 4, Avg: 4.2, Max: 5, Diff: 1, Sum: 34]
      [Scan RS (ms): Min: 8.1, Avg: 8.6, Max: 8.9, Diff: 0.7, Sum: 68.7]
      [Code Root Scanning (ms): Min: 0.0, Avg: 0.0, Max: 0.0, Diff: 0.0, Sum: 0.0]
      [Object Copy (ms): Min: 64.9, Avg: 64.9, Max: 65.0, Diff: 0.1, Sum: 519.6]
      [Termination (ms): Min: 0.0, Avg: 0.0, Max: 0.0, Diff: 0.0, Sum: 0.2]
         [Termination Attempts: Min: 1, Avg: 1.1, Max: 2, Diff: 1, Sum: 9]
      [GC Worker Other (ms): Min: 0.0, Avg: 0.0, Max: 0.0, Diff: 0.0, Sum: 0.1]
      [GC Worker Total (ms): Min: 78.7, Avg: 78.8, Max: 78.9, Diff: 0.2, Sum: 630.1]
      [GC Worker End (ms): Min: 26905.6, Avg: 26905.6, Max: 26905.6, Diff: 0.0]
   [Code Root Fixup: 0.0 ms]
   [Code Root Purge: 0.0 ms]
   [Clear CT: 0.2 ms]
   [Other: 6.6 ms]
      [Evacuation Failure: 5.3 ms]
      [Choose CSet: 0.0 ms]
      [Ref Proc: 0.1 ms]
      [Ref Enq: 0.0 ms]
      [Redirty Cards: 0.2 ms]
      [Humongous Register: 0.0 ms]
      [Humongous Reclaim: 0.0 ms]
      [Free CSet: 0.2 ms]
   [Eden: 51.0M(51.0M)->0.0B(44.0M) Survivors: 0.0B->7168.0K Heap: 987.6M(1024.0M)->1022.6M(1024.0M)]
 [Times: user=0.28 sys=0.05, real=0.08 secs] 
26.912: [GC pause (G1 Evacuation Pause) (young) (initial-mark) (to-space exhausted), 0.0398845 secs]
   [Parallel Time: 38.4 ms, GC Workers: 8]
      [GC Worker Start (ms): Min: 26912.1, Avg: 26912.1, Max: 26912.2, Diff: 0.1]
      [Ext Root Scanning (ms): Min: 0.1, Avg: 0.1, Max: 0.2, Diff: 0.1, Sum: 1.0]
      [Update RS (ms): Min: 20.2, Avg: 20.5, Max: 21.0, Diff: 0.8, Sum: 163.8]
         [Processed Buffers: Min: 37, Avg: 49.5, Max: 56, Diff: 19, Sum: 396]
      [Scan RS (ms): Min: 0.0, Avg: 0.0, Max: 0.0, Diff: 0.0, Sum: 0.0]
      [Code Root Scanning (ms): Min: 0.0, Avg: 0.0, Max: 0.0, Diff: 0.0, Sum: 0.0]
      [Object Copy (ms): Min: 17.1, Avg: 17.6, Max: 17.9, Diff: 0.8, Sum: 141.2]
      [Termination (ms): Min: 0.0, Avg: 0.0, Max: 0.0, Diff: 0.0, Sum: 0.2]
         [Termination Attempts: Min: 1, Avg: 1.0, Max: 1, Diff: 0, Sum: 8]
      [GC Worker Other (ms): Min: 0.0, Avg: 0.0, Max: 0.0, Diff: 0.0, Sum: 0.1]
      [GC Worker Total (ms): Min: 38.3, Avg: 38.3, Max: 38.4, Diff: 0.1, Sum: 306.4]
      [GC Worker End (ms): Min: 26950.4, Avg: 26950.4, Max: 26950.4, Diff: 0.0]
   [Code Root Fixup: 0.0 ms]
   [Code Root Purge: 0.0 ms]
   [Clear CT: 0.2 ms]
   [Other: 1.3 ms]
      [Evacuation Failure: 0.9 ms]
      [Choose CSet: 0.0 ms]
      [Ref Proc: 0.2 ms]
      [Ref Enq: 0.0 ms]
      [Redirty Cards: 0.1 ms]
      [Humongous Register: 0.0 ms]
      [Humongous Reclaim: 0.0 ms]
      [Free CSet: 0.0 ms]
   [Eden: 0.0B(44.0M)->0.0B(51.0M) Survivors: 7168.0K->0.0B Heap: 1022.6M(1024.0M)->1022.6M(1024.0M)]
 [Times: user=0.19 sys=0.02, real=0.04 secs] 
26.952: [GC concurrent-root-region-scan-start]
26.952: [GC concurrent-root-region-scan-end, 0.0000045 secs]
26.952: [GC concurrent-mark-start]
26.952: [Full GC (Allocation Failure)  1022M->987M(1024M), 0.7857792 secs]
   [Eden: 0.0B(51.0M)->0.0B(51.0M) Survivors: 0.0B->0.0B Heap: 1022.6M(1024.0M)->987.6M(1024.0M)], [Metaspace: 3643K->3643K(1056768K)]
 [Times: user=1.24 sys=0.00, real=0.79 secs] 
27.738: [GC concurrent-mark-abort]
28.639: [GC pause (G1 Evacuation Pause) (young) (to-space exhausted), 0.1611275 secs]
   [Parallel Time: 155.7 ms, GC Workers: 8]
      [GC Worker Start (ms): Min: 28639.6, Avg: 28639.7, Max: 28639.7, Diff: 0.2]
      [Ext Root Scanning (ms): Min: 0.1, Avg: 0.2, Max: 0.3, Diff: 0.2, Sum: 1.5]
      [Update RS (ms): Min: 3.8, Avg: 4.5, Max: 4.9, Diff: 1.1, Sum: 35.7]
         [Processed Buffers: Min: 3, Avg: 3.6, Max: 4, Diff: 1, Sum: 29]
      [Scan RS (ms): Min: 6.2, Avg: 6.7, Max: 7.3, Diff: 1.1, Sum: 53.5]
      [Code Root Scanning (ms): Min: 0.0, Avg: 0.0, Max: 0.0, Diff: 0.0, Sum: 0.0]
      [Object Copy (ms): Min: 144.1, Avg: 144.2, Max: 144.2, Diff: 0.1, Sum: 1153.3]
      [Termination (ms): Min: 0.0, Avg: 0.0, Max: 0.0, Diff: 0.0, Sum: 0.2]
         [Termination Attempts: Min: 1, Avg: 1.4, Max: 3, Diff: 2, Sum: 11]
      [GC Worker Other (ms): Min: 0.0, Avg: 0.0, Max: 0.0, Diff: 0.0, Sum: 0.1]
      [GC Worker Total (ms): Min: 155.5, Avg: 155.5, Max: 155.6, Diff: 0.2, Sum: 1244.3]
      [GC Worker End (ms): Min: 28795.2, Avg: 28795.2, Max: 28795.2, Diff: 0.0]
   [Code Root Fixup: 0.0 ms]
   [Code Root Purge: 0.0 ms]
   [Clear CT: 0.2 ms]
   [Other: 5.2 ms]
      [Evacuation Failure: 4.1 ms]
      [Choose CSet: 0.0 ms]
      [Ref Proc: 0.1 ms]
      [Ref Enq: 0.0 ms]
      [Redirty Cards: 0.3 ms]
      [Humongous Register: 0.0 ms]
      [Humongous Reclaim: 0.0 ms]
      [Free CSet: 0.1 ms]
   [Eden: 35.0M(51.0M)->0.0B(51.0M) Survivors: 0.0B->0.0B Heap: 1022.6M(1024.0M)->1022.6M(1024.0M)]
 [Times: user=0.28 sys=0.12, real=0.16 secs] 
28.801: [GC pause (G1 Evacuation Pause) (young) (initial-mark), 0.0202571 secs]
   [Parallel Time: 19.5 ms, GC Workers: 8]
      [GC Worker Start (ms): Min: 28800.6, Avg: 28800.6, Max: 28800.7, Diff: 0.1]
      [Ext Root Scanning (ms): Min: 0.1, Avg: 0.1, Max: 0.2, Diff: 0.1, Sum: 1.0]
      [Update RS (ms): Min: 18.1, Avg: 18.5, Max: 19.1, Diff: 1.0, Sum: 147.8]
         [Processed Buffers: Min: 51, Avg: 57.8, Max: 66, Diff: 15, Sum: 462]
      [Scan RS (ms): Min: 0.0, Avg: 0.0, Max: 0.0, Diff: 0.0, Sum: 0.0]
      [Code Root Scanning (ms): Min: 0.0, Avg: 0.0, Max: 0.0, Diff: 0.0, Sum: 0.0]
      [Object Copy (ms): Min: 0.0, Avg: 0.0, Max: 0.0, Diff: 0.0, Sum: 0.0]
      [Termination (ms): Min: 0.0, Avg: 0.7, Max: 1.1, Diff: 1.1, Sum: 5.8]
         [Termination Attempts: Min: 1, Avg: 1.0, Max: 1, Diff: 0, Sum: 8]
      [GC Worker Other (ms): Min: 0.0, Avg: 0.0, Max: 0.0, Diff: 0.0, Sum: 0.1]
      [GC Worker Total (ms): Min: 19.3, Avg: 19.3, Max: 19.4, Diff: 0.2, Sum: 154.7]
      [GC Worker End (ms): Min: 28819.9, Avg: 28820.0, Max: 28820.0, Diff: 0.1]
   [Code Root Fixup: 0.0 ms]
   [Code Root Purge: 0.0 ms]
   [Clear CT: 0.2 ms]
   [Other: 0.5 ms]
      [Choose CSet: 0.0 ms]
      [Ref Proc: 0.2 ms]
      [Ref Enq: 0.0 ms]
      [Redirty Cards: 0.2 ms]
      [Humongous Register: 0.0 ms]
      [Humongous Reclaim: 0.0 ms]
      [Free CSet: 0.0 ms]
   [Eden: 0.0B(51.0M)->0.0B(51.0M) Survivors: 0.0B->0.0B Heap: 1022.6M(1024.0M)->1022.6M(1024.0M)]
 [Times: user=0.15 sys=0.00, real=0.02 secs] 
28.821: [GC concurrent-root-region-scan-start]
28.821: [GC concurrent-root-region-scan-end, 0.0000037 secs]
28.821: [GC concurrent-mark-start]
28.821: [Full GC (Allocation Failure)  1022M->1022M(1024M), 0.7852879 secs]
   [Eden: 0.0B(51.0M)->0.0B(51.0M) Survivors: 0.0B->0.0B Heap: 1022.6M(1024.0M)->1022.6M(1024.0M)], [Metaspace: 3643K->3643K(1056768K)]
 [Times: user=1.27 sys=0.00, real=0.79 secs] 
29.606: [Full GC (Allocation Failure)  1022M->1022M(1024M), 0.7910377 secs]
   [Eden: 0.0B(51.0M)->0.0B(51.0M) Survivors: 0.0B->0.0B Heap: 1022.6M(1024.0M)->1022.6M(1024.0M)], [Metaspace: 3643K->3643K(1056768K)]
 [Times: user=1.28 sys=0.01, real=0.79 secs] 
30.398: [GC concurrent-mark-abort]
30.398: [GC pause (G1 Evacuation Pause) (young), 0.0012603 secs]
   [Parallel Time: 0.2 ms, GC Workers: 8]
      [GC Worker Start (ms): Min: 30398.2, Avg: 30398.3, Max: 30398.4, Diff: 0.1]
      [Ext Root Scanning (ms): Min: 0.1, Avg: 0.1, Max: 0.2, Diff: 0.1, Sum: 1.0]
      [Update RS (ms): Min: 0.0, Avg: 0.0, Max: 0.0, Diff: 0.0, Sum: 0.0]
         [Processed Buffers: Min: 0, Avg: 0.0, Max: 0, Diff: 0, Sum: 0]
      [Scan RS (ms): Min: 0.0, Avg: 0.0, Max: 0.0, Diff: 0.0, Sum: 0.0]
      [Code Root Scanning (ms): Min: 0.0, Avg: 0.0, Max: 0.0, Diff: 0.0, Sum: 0.0]
      [Object Copy (ms): Min: 0.0, Avg: 0.0, Max: 0.0, Diff: 0.0, Sum: 0.0]
      [Termination (ms): Min: 0.0, Avg: 0.0, Max: 0.0, Diff: 0.0, Sum: 0.0]
         [Termination Attempts: Min: 1, Avg: 1.0, Max: 1, Diff: 0, Sum: 8]
      [GC Worker Other (ms): Min: 0.0, Avg: 0.0, Max: 0.0, Diff: 0.0, Sum: 0.1]
      [GC Worker Total (ms): Min: 0.1, Avg: 0.1, Max: 0.2, Diff: 0.1, Sum: 1.1]
      [GC Worker End (ms): Min: 30398.5, Avg: 30398.5, Max: 30398.5, Diff: 0.0]
   [Code Root Fixup: 0.0 ms]
   [Code Root Purge: 0.0 ms]
   [Clear CT: 0.3 ms]
   [Other: 0.7 ms]
      [Choose CSet: 0.0 ms]
      [Ref Proc: 0.2 ms]
      [Ref Enq: 0.0 ms]
      [Redirty Cards: 0.2 ms]
      [Humongous Register: 0.0 ms]
      [Humongous Reclaim: 0.0 ms]
      [Free CSet: 0.0 ms]
   [Eden: 0.0B(51.0M)->0.0B(51.0M) Survivors: 0.0B->0.0B Heap: 1022.6M(1024.0M)->1022.6M(1024.0M)]
 [Times: user=0.00 sys=0.00, real=0.00 secs] 
30.399: [GC pause (G1 Evacuation Pause) (young) (initial-mark), 0.0010055 secs]
   [Parallel Time: 0.3 ms, GC Workers: 8]
      [GC Worker Start (ms): Min: 30399.5, Avg: 30399.6, Max: 30399.6, Diff: 0.1]
      [Ext Root Scanning (ms): Min: 0.1, Avg: 0.1, Max: 0.2, Diff: 0.1, Sum: 0.9]
      [Update RS (ms): Min: 0.0, Avg: 0.0, Max: 0.0, Diff: 0.0, Sum: 0.0]
         [Processed Buffers: Min: 0, Avg: 0.1, Max: 1, Diff: 1, Sum: 1]
      [Scan RS (ms): Min: 0.0, Avg: 0.0, Max: 0.0, Diff: 0.0, Sum: 0.0]
      [Code Root Scanning (ms): Min: 0.0, Avg: 0.0, Max: 0.0, Diff: 0.0, Sum: 0.0]
      [Object Copy (ms): Min: 0.0, Avg: 0.0, Max: 0.0, Diff: 0.0, Sum: 0.0]
      [Termination (ms): Min: 0.0, Avg: 0.0, Max: 0.0, Diff: 0.0, Sum: 0.0]
         [Termination Attempts: Min: 1, Avg: 1.0, Max: 1, Diff: 0, Sum: 8]
      [GC Worker Other (ms): Min: 0.0, Avg: 0.0, Max: 0.0, Diff: 0.0, Sum: 0.0]
      [GC Worker Total (ms): Min: 0.1, Avg: 0.1, Max: 0.2, Diff: 0.1, Sum: 1.0]
      [GC Worker End (ms): Min: 30399.7, Avg: 30399.7, Max: 30399.7, Diff: 0.0]
   [Code Root Fixup: 0.0 ms]
   [Code Root Purge: 0.0 ms]
   [Clear CT: 0.2 ms]
   [Other: 0.5 ms]
      [Choose CSet: 0.0 ms]
      [Ref Proc: 0.3 ms]
      [Ref Enq: 0.0 ms]
      [Redirty Cards: 0.2 ms]
      [Humongous Register: 0.0 ms]
      [Humongous Reclaim: 0.0 ms]
      [Free CSet: 0.0 ms]
   [Eden: 0.0B(51.0M)->0.0B(51.0M) Survivors: 0.0B->0.0B Heap: 1022.6M(1024.0M)->1022.6M(1024.0M)]
 [Times: user=0.00 sys=0.00, real=0.00 secs] 
30.401: [GC concurrent-root-region-scan-start]
30.401: [GC concurrent-root-region-scan-end, 0.0000020 secs]
30.401: [GC concurrent-mark-start]
30.401: [Full GC (Allocation Failure)  1022M->1022M(1024M), 0.7962207 secs]
   [Eden: 0.0B(51.0M)->0.0B(51.0M) Survivors: 0.0B->0.0B Heap: 1022.6M(1024.0M)->1022.6M(1024.0M)], [Metaspace: 3643K->3643K(1056768K)]
 [Times: user=1.29 sys=0.01, real=0.80 secs] 
31.197: [Full GC (Allocation Failure)  1022M->1022M(1024M), 0.7915980 secs]
   [Eden: 0.0B(51.0M)->0.0B(51.0M) Survivors: 0.0B->0.0B Heap: 1022.6M(1024.0M)->1022.6M(1024.0M)], [Metaspace: 3643K->3643K(1056768K)]
 [Times: user=1.27 sys=0.00, real=0.79 secs] 
31.989: [GC concurrent-mark-abort]
33.497: [GC pause (G1 Evacuation Pause) (young), 0.0014881 secs]
   [Parallel Time: 0.3 ms, GC Workers: 8]
      [GC Worker Start (ms): Min: 33497.1, Avg: 33497.2, Max: 33497.2, Diff: 0.2]
      [Ext Root Scanning (ms): Min: 0.1, Avg: 0.1, Max: 0.2, Diff: 0.1, Sum: 1.1]
      [Update RS (ms): Min: 0.0, Avg: 0.0, Max: 0.0, Diff: 0.0, Sum: 0.0]
         [Processed Buffers: Min: 0, Avg: 0.2, Max: 1, Diff: 1, Sum: 2]
      [Scan RS (ms): Min: 0.0, Avg: 0.0, Max: 0.0, Diff: 0.0, Sum: 0.0]
      [Code Root Scanning (ms): Min: 0.0, Avg: 0.0, Max: 0.0, Diff: 0.0, Sum: 0.0]
      [Object Copy (ms): Min: 0.0, Avg: 0.0, Max: 0.0, Diff: 0.0, Sum: 0.0]
      [Termination (ms): Min: 0.0, Avg: 0.0, Max: 0.0, Diff: 0.0, Sum: 0.1]
         [Termination Attempts: Min: 1, Avg: 1.0, Max: 1, Diff: 0, Sum: 8]
      [GC Worker Other (ms): Min: 0.0, Avg: 0.0, Max: 0.0, Diff: 0.0, Sum: 0.1]
      [GC Worker Total (ms): Min: 0.1, Avg: 0.2, Max: 0.3, Diff: 0.1, Sum: 1.3]
      [GC Worker End (ms): Min: 33497.3, Avg: 33497.3, Max: 33497.3, Diff: 0.0]
   [Code Root Fixup: 0.0 ms]
   [Code Root Purge: 0.0 ms]
   [Clear CT: 0.2 ms]
   [Other: 0.9 ms]
      [Choose CSet: 0.0 ms]
      [Ref Proc: 0.2 ms]
      [Ref Enq: 0.0 ms]
      [Redirty Cards: 0.2 ms]
      [Humongous Register: 0.0 ms]
      [Humongous Reclaim: 0.0 ms]
      [Free CSet: 0.0 ms]
   [Eden: 0.0B(51.0M)->0.0B(51.0M) Survivors: 0.0B->0.0B Heap: 1022.6M(1024.0M)->1022.6M(1024.0M)]
 [Times: user=0.00 sys=0.00, real=0.00 secs] 
33.498: [GC pause (G1 Evacuation Pause) (young) (initial-mark), 0.0009661 secs]
   [Parallel Time: 0.3 ms, GC Workers: 8]
      [GC Worker Start (ms): Min: 33498.4, Avg: 33498.5, Max: 33498.5, Diff: 0.1]
      [Ext Root Scanning (ms): Min: 0.1, Avg: 0.1, Max: 0.2, Diff: 0.1, Sum: 0.9]
      [Update RS (ms): Min: 0.0, Avg: 0.0, Max: 0.0, Diff: 0.0, Sum: 0.0]
         [Processed Buffers: Min: 0, Avg: 0.1, Max: 1, Diff: 1, Sum: 1]
      [Scan RS (ms): Min: 0.0, Avg: 0.0, Max: 0.0, Diff: 0.0, Sum: 0.0]
      [Code Root Scanning (ms): Min: 0.0, Avg: 0.0, Max: 0.0, Diff: 0.0, Sum: 0.0]
      [Object Copy (ms): Min: 0.0, Avg: 0.0, Max: 0.0, Diff: 0.0, Sum: 0.0]
      [Termination (ms): Min: 0.0, Avg: 0.0, Max: 0.0, Diff: 0.0, Sum: 0.1]
         [Termination Attempts: Min: 1, Avg: 1.0, Max: 1, Diff: 0, Sum: 8]
      [GC Worker Other (ms): Min: 0.0, Avg: 0.0, Max: 0.0, Diff: 0.0, Sum: 0.1]
      [GC Worker Total (ms): Min: 0.1, Avg: 0.1, Max: 0.2, Diff: 0.1, Sum: 1.1]
      [GC Worker End (ms): Min: 33498.6, Avg: 33498.6, Max: 33498.6, Diff: 0.0]
   [Code Root Fixup: 0.0 ms]
   [Code Root Purge: 0.0 ms]
   [Clear CT: 0.2 ms]
   [Other: 0.5 ms]
      [Choose CSet: 0.0 ms]
      [Ref Proc: 0.2 ms]
      [Ref Enq: 0.0 ms]
      [Redirty Cards: 0.2 ms]
      [Humongous Register: 0.0 ms]
      [Humongous Reclaim: 0.0 ms]
      [Free CSet: 0.0 ms]
   [Eden: 0.0B(51.0M)->0.0B(51.0M) Survivors: 0.0B->0.0B Heap: 1022.6M(1024.0M)->1022.6M(1024.0M)]
 [Times: user=0.01 sys=0.00, real=0.00 secs] 
33.499: [GC concurrent-root-region-scan-start]
33.499: [GC concurrent-root-region-scan-end, 0.0000027 secs]
33.499: [GC concurrent-mark-start]
33.499: [Full GC (Allocation Failure)  1022M->1022M(1024M), 0.7432631 secs]
   [Eden: 0.0B(51.0M)->0.0B(51.0M) Survivors: 0.0B->0.0B Heap: 1022.6M(1024.0M)->1022.6M(1024.0M)], [Metaspace: 3643K->3643K(1056768K)]
 [Times: user=1.18 sys=0.01, real=0.74 secs] 
34.243: [Full GC (Allocation Failure)  1022M->1022M(1024M), 0.7749701 secs]
   [Eden: 0.0B(51.0M)->0.0B(51.0M) Survivors: 0.0B->0.0B Heap: 1022.6M(1024.0M)->1022.6M(1024.0M)], [Metaspace: 3643K->3643K(1056768K)]
 [Times: user=1.25 sys=0.00, real=0.78 secs] 
35.018: [GC pause (G1 Evacuation Pause) (young), 0.0013714 secs]
   [Parallel Time: 0.3 ms, GC Workers: 8]
      [GC Worker Start (ms): Min: 35018.3, Avg: 35018.4, Max: 35018.5, Diff: 0.1]
      [Ext Root Scanning (ms): Min: 0.1, Avg: 0.1, Max: 0.2, Diff: 0.1, Sum: 0.9]
      [Update RS (ms): Min: 0.0, Avg: 0.0, Max: 0.0, Diff: 0.0, Sum: 0.0]
         [Processed Buffers: Min: 0, Avg: 0.0, Max: 0, Diff: 0, Sum: 0]
      [Scan RS (ms): Min: 0.0, Avg: 0.0, Max: 0.0, Diff: 0.0, Sum: 0.0]
      [Code Root Scanning (ms): Min: 0.0, Avg: 0.0, Max: 0.0, Diff: 0.0, Sum: 0.0]
      [Object Copy (ms): Min: 0.0, Avg: 0.0, Max: 0.0, Diff: 0.0, Sum: 0.0]
      [Termination (ms): Min: 0.0, Avg: 0.0, Max: 0.0, Diff: 0.0, Sum: 0.0]
         [Termination Attempts: Min: 1, Avg: 1.0, Max: 1, Diff: 0, Sum: 8]
      [GC Worker Other (ms): Min: 0.0, Avg: 0.0, Max: 0.0, Diff: 0.0, Sum: 0.1]
      [GC Worker Total (ms): Min: 0.1, Avg: 0.1, Max: 0.2, Diff: 0.1, Sum: 1.1]
      [GC Worker End (ms): Min: 35018.5, Avg: 35018.5, Max: 35018.5, Diff: 0.0]
   [Code Root Fixup: 0.0 ms]
   [Code Root Purge: 0.0 ms]
   [Clear CT: 0.3 ms]
   [Other: 0.9 ms]
      [Choose CSet: 0.0 ms]
      [Ref Proc: 0.3 ms]
      [Ref Enq: 0.0 ms]
      [Redirty Cards: 0.3 ms]
      [Humongous Register: 0.0 ms]
      [Humongous Reclaim: 0.0 ms]
      [Free CSet: 0.0 ms]
   [Eden: 0.0B(51.0M)->0.0B(51.0M) Survivors: 0.0B->0.0B Heap: 1022.6M(1024.0M)->1022.6M(1024.0M)]
 [Times: user=0.01 sys=0.00, real=0.00 secs] 
35.020: [GC concurrent-mark-abort]
35.020: [GC pause (G1 Evacuation Pause) (young), 0.0010588 secs]
   [Parallel Time: 0.2 ms, GC Workers: 8]
      [GC Worker Start (ms): Min: 35019.7, Avg: 35019.8, Max: 35019.8, Diff: 0.1]
      [Ext Root Scanning (ms): Min: 0.1, Avg: 0.1, Max: 0.2, Diff: 0.1, Sum: 0.9]
      [Update RS (ms): Min: 0.0, Avg: 0.0, Max: 0.0, Diff: 0.0, Sum: 0.0]
         [Processed Buffers: Min: 0, Avg: 0.2, Max: 1, Diff: 1, Sum: 2]
      [Scan RS (ms): Min: 0.0, Avg: 0.0, Max: 0.0, Diff: 0.0, Sum: 0.0]
      [Code Root Scanning (ms): Min: 0.0, Avg: 0.0, Max: 0.0, Diff: 0.0, Sum: 0.0]
      [Object Copy (ms): Min: 0.0, Avg: 0.0, Max: 0.0, Diff: 0.0, Sum: 0.0]
      [Termination (ms): Min: 0.0, Avg: 0.0, Max: 0.0, Diff: 0.0, Sum: 0.0]
         [Termination Attempts: Min: 1, Avg: 1.0, Max: 1, Diff: 0, Sum: 8]
      [GC Worker Other (ms): Min: 0.0, Avg: 0.0, Max: 0.0, Diff: 0.0, Sum: 0.0]
      [GC Worker Total (ms): Min: 0.1, Avg: 0.1, Max: 0.2, Diff: 0.1, Sum: 1.0]
      [GC Worker End (ms): Min: 35019.9, Avg: 35019.9, Max: 35019.9, Diff: 0.0]
   [Code Root Fixup: 0.0 ms]
   [Code Root Purge: 0.0 ms]
   [Clear CT: 0.2 ms]
   [Other: 0.6 ms]
      [Choose CSet: 0.0 ms]
      [Ref Proc: 0.3 ms]
      [Ref Enq: 0.0 ms]
      [Redirty Cards: 0.3 ms]
      [Humongous Register: 0.0 ms]
      [Humongous Reclaim: 0.0 ms]
      [Free CSet: 0.0 ms]
   [Eden: 0.0B(51.0M)->0.0B(51.0M) Survivors: 0.0B->0.0B Heap: 1022.6M(1024.0M)->1022.6M(1024.0M)]
 [Times: user=0.00 sys=0.00, real=0.00 secs] 
35.021: [Full GC (Allocation Failure)  1022M->1022M(1024M), 0.7501485 secs]
   [Eden: 0.0B(51.0M)->0.0B(51.0M) Survivors: 0.0B->0.0B Heap: 1022.6M(1024.0M)->1022.6M(1024.0M)], [Metaspace: 3643K->3643K(1056768K)]
 [Times: user=1.18 sys=0.01, real=0.75 secs] 
35.771: [Full GC (Allocation Failure)  1022M->1022M(1024M), 0.7645859 secs]
   [Eden: 0.0B(51.0M)->0.0B(51.0M) Survivors: 0.0B->0.0B Heap: 1022.6M(1024.0M)->1022.6M(1024.0M)], [Metaspace: 3643K->3643K(1056768K)]
 [Times: user=1.26 sys=0.00, real=0.77 secs] 
36.536: [GC pause (G1 Evacuation Pause) (young), 0.0016365 secs]
   [Parallel Time: 0.3 ms, GC Workers: 8]
      [GC Worker Start (ms): Min: 36536.5, Avg: 36536.6, Max: 36536.6, Diff: 0.1]
      [Ext Root Scanning (ms): Min: 0.1, Avg: 0.1, Max: 0.2, Diff: 0.1, Sum: 0.9]
      [Update RS (ms): Min: 0.0, Avg: 0.0, Max: 0.0, Diff: 0.0, Sum: 0.0]
         [Processed Buffers: Min: 0, Avg: 0.1, Max: 1, Diff: 1, Sum: 1]
      [Scan RS (ms): Min: 0.0, Avg: 0.0, Max: 0.0, Diff: 0.0, Sum: 0.0]
      [Code Root Scanning (ms): Min: 0.0, Avg: 0.0, Max: 0.0, Diff: 0.0, Sum: 0.0]
      [Object Copy (ms): Min: 0.0, Avg: 0.0, Max: 0.0, Diff: 0.0, Sum: 0.0]
      [Termination (ms): Min: 0.0, Avg: 0.0, Max: 0.0, Diff: 0.0, Sum: 0.0]
         [Termination Attempts: Min: 1, Avg: 1.0, Max: 1, Diff: 0, Sum: 8]
      [GC Worker Other (ms): Min: 0.0, Avg: 0.0, Max: 0.0, Diff: 0.0, Sum: 0.1]
      [GC Worker Total (ms): Min: 0.1, Avg: 0.1, Max: 0.2, Diff: 0.1, Sum: 1.1]
      [GC Worker End (ms): Min: 36536.7, Avg: 36536.7, Max: 36536.7, Diff: 0.0]
   [Code Root Fixup: 0.0 ms]
   [Code Root Purge: 0.0 ms]
   [Clear CT: 0.3 ms]
   [Other: 1.0 ms]
      [Choose CSet: 0.0 ms]
      [Ref Proc: 0.5 ms]
      [Ref Enq: 0.0 ms]
      [Redirty Cards: 0.2 ms]
      [Humongous Register: 0.0 ms]
      [Humongous Reclaim: 0.0 ms]
      [Free CSet: 0.0 ms]
   [Eden: 0.0B(51.0M)->0.0B(51.0M) Survivors: 0.0B->0.0B Heap: 1022.6M(1024.0M)->1022.6M(1024.0M)]
 [Times: user=0.01 sys=0.00, real=0.00 secs] 
36.538: [GC pause (G1 Evacuation Pause) (young) (initial-mark), 0.0009002 secs]
   [Parallel Time: 0.2 ms, GC Workers: 8]
      [GC Worker Start (ms): Min: 36538.0, Avg: 36538.1, Max: 36538.2, Diff: 0.1]
      [Ext Root Scanning (ms): Min: 0.1, Avg: 0.1, Max: 0.2, Diff: 0.1, Sum: 0.9]
      [Update RS (ms): Min: 0.0, Avg: 0.0, Max: 0.0, Diff: 0.0, Sum: 0.0]
         [Processed Buffers: Min: 0, Avg: 0.1, Max: 1, Diff: 1, Sum: 1]
      [Scan RS (ms): Min: 0.0, Avg: 0.0, Max: 0.0, Diff: 0.0, Sum: 0.0]
      [Code Root Scanning (ms): Min: 0.0, Avg: 0.0, Max: 0.0, Diff: 0.0, Sum: 0.0]
      [Object Copy (ms): Min: 0.0, Avg: 0.0, Max: 0.0, Diff: 0.0, Sum: 0.0]
      [Termination (ms): Min: 0.0, Avg: 0.0, Max: 0.0, Diff: 0.0, Sum: 0.0]
         [Termination Attempts: Min: 1, Avg: 1.0, Max: 1, Diff: 0, Sum: 8]
      [GC Worker Other (ms): Min: 0.0, Avg: 0.0, Max: 0.0, Diff: 0.0, Sum: 0.0]
      [GC Worker Total (ms): Min: 0.1, Avg: 0.1, Max: 0.2, Diff: 0.1, Sum: 1.0]
      [GC Worker End (ms): Min: 36538.3, Avg: 36538.3, Max: 36538.3, Diff: 0.0]
   [Code Root Fixup: 0.0 ms]
   [Code Root Purge: 0.0 ms]
   [Clear CT: 0.2 ms]
   [Other: 0.5 ms]
      [Choose CSet: 0.0 ms]
      [Ref Proc: 0.2 ms]
      [Ref Enq: 0.0 ms]
      [Redirty Cards: 0.2 ms]
      [Humongous Register: 0.0 ms]
      [Humongous Reclaim: 0.0 ms]
      [Free CSet: 0.0 ms]
   [Eden: 0.0B(51.0M)->0.0B(51.0M) Survivors: 0.0B->0.0B Heap: 1022.6M(1024.0M)->1022.6M(1024.0M)]
 [Times: user=0.00 sys=0.00, real=0.00 secs] 
36.539: [GC concurrent-root-region-scan-start]
36.539: [GC concurrent-root-region-scan-end, 0.0000221 secs]
36.539: [GC concurrent-mark-start]
36.539: [Full GC (Allocation Failure)  1022M->683K(1024M), 0.0876868 secs]
   [Eden: 0.0B(51.0M)->0.0B(399.0M) Survivors: 0.0B->0.0B Heap: 1022.6M(1024.0M)->683.0K(1024.0M)], [Metaspace: 3643K->3643K(1056768K)]
 [Times: user=0.09 sys=0.00, real=0.09 secs] 
36.627: [GC concurrent-mark-abort]
Heap
 garbage-first heap   total 1048576K, used 683K [0x0000000780000000, 0x0000000780102000, 0x00000007c0000000)
  region size 1024K, 1 young (1024K), 0 survivors (0K)
 Metaspace       used 3649K, capacity 4540K, committed 4864K, reserved 1056768K
  class space    used 400K, capacity 428K, committed 512K, reserved 1048576K
